
mobtr@Mateusz MINGW64 ~/Desktop/PACE2024 (main)
$ mkdir build

mobtr@Mateusz MINGW64 ~/Desktop/PACE2024 (main)
$ cd build/

mobtr@Mateusz MINGW64 ~/Desktop/PACE2024/build (main)
$ cmake ..
-- Building for: Visual Studio 17 2022
-- Selecting Windows SDK version 10.0.22621.0 to target Windows 10.0.22631.
-- The C compiler identification is MSVC 19.38.33130.0
-- The CXX compiler identification is MSVC 19.38.33130.0
-- Detecting C compiler ABI info
-- Detecting C compiler ABI info - done
-- Check for working C compiler: C:/Program Files/Microsoft Visual Studio/2022/Community/VC/Tools/MSVC/14.38.33130/bin/Hostx64/x64/cl.exe - skipped
-- Detecting C compile features
-- Detecting C compile features - done
-- Detecting CXX compiler ABI info
-- Detecting CXX compiler ABI info - done
-- Check for working CXX compiler: C:/Program Files/Microsoft Visual Studio/2022/Community/VC/Tools/MSVC/14.38.33130/bin/Hostx64/x64/cl.exe - skipped
-- Detecting CXX compile features
-- Detecting CXX compile features - done
-- Configuring done (10.4s)
-- Generating done (0.0s)
-- Build files have been written to: C:/Users/mobtr/Desktop/PACE2024/build

mobtr@Mateusz MINGW64 ~/Desktop/PACE2024/build (main)
$ make
bash: make: command not found

mobtr@Mateusz MINGW64 ~/Desktop/PACE2024/build (main)
$ mingw32-make
mingw32-make: *** No targets specified and no makefile found.  Stop.

mobtr@Mateusz MINGW64 ~/Desktop/PACE2024/build (main)
$ ^C

mobtr@Mateusz MINGW64 ~/Desktop/PACE2024/build (main)
$ mingw32-make
mingw32-make: *** No targets specified and no makefile found.  Stop.

mobtr@Mateusz MINGW64 ~/Desktop/PACE2024/build (main)
$ cmake -G "MinGW Makefiles" ..
CMake Error: Error: generator : MinGW Makefiles
Does not match the generator used previously: Visual Studio 17 2022
Either remove the CMakeCache.txt file and CMakeFiles directory or choose a different binary directory.

mobtr@Mateusz MINGW64 ~/Desktop/PACE2024/build (main)
$ cmake -G "MinGW Makefiles" ..
-- The C compiler identification is GNU 13.2.0
-- The CXX compiler identification is GNU 13.2.0
-- Detecting C compiler ABI info
-- Detecting C compiler ABI info - done
-- Check for working C compiler: C:/mingw64/bin/gcc.exe - skipped
-- Detecting C compile features
-- Detecting C compile features - done
-- Detecting CXX compiler ABI info
-- Detecting CXX compiler ABI info - done
-- Check for working CXX compiler: C:/mingw64/bin/c++.exe - skipped
-- Detecting CXX compile features
-- Detecting CXX compile features - done
-- Configuring done (6.7s)
-- Generating done (0.1s)
-- Build files have been written to: C:/Users/mobtr/Desktop/PACE2024/build

mobtr@Mateusz MINGW64 ~/Desktop/PACE2024/build (main)
$ mingw32-make
[  9%] Building CXX object CMakeFiles/solver.dir/Solver.cpp.obj
[ 18%] Building CXX object CMakeFiles/solver.dir/Graph.cpp.obj
[ 27%] Building CXX object CMakeFiles/solver.dir/Vertex.cpp.obj
[ 36%] Building CXX object CMakeFiles/solver.dir/CrossingMinimizers/Crossingminimizer.cpp.obj
[ 45%] Building CXX object CMakeFiles/solver.dir/CrossingMinimizers/Barycenter.cpp.obj
[ 54%] Building CXX object CMakeFiles/solver.dir/CrossingMinimizers/Median.cpp.obj
[ 63%] Building CXX object CMakeFiles/solver.dir/CrossingMinimizers/OptimizedBC.cpp.obj
[ 72%] Building CXX object CMakeFiles/solver.dir/CrossingMinimizers/OptimizedMedian.cpp.obj
[ 81%] Building CXX object CMakeFiles/solver.dir/CrossingMinimizers/ParentMinimizer.cpp.obj
[ 90%] Building CXX object CMakeFiles/solver.dir/CrossingMinimizers/OptimizedBCRight.cpp.obj
[100%] Linking CXX executable solver.exe
[100%] Built target solver

mobtr@Mateusz MINGW64 ~/Desktop/PACE2024 (main)
$ cd build/

mobtr@Mateusz MINGW64 ~/Desktop/PACE2024/build (main)
$ mingw32-make
-- Configuring done (0.1s)
-- Generating done (0.1s)
-- Build files have been written to: C:/Users/mobtr/Desktop/PACE2024/build
[  9%] Building CXX object CMakeFiles/PACE2024.dir/Solver.cpp.obj
[ 18%] Building CXX object CMakeFiles/PACE2024.dir/Graph.cpp.obj
[ 27%] Building CXX object CMakeFiles/PACE2024.dir/Vertex.cpp.obj
[ 36%] Building CXX object CMakeFiles/PACE2024.dir/CrossingMinimizers/Crossingminimizer.cpp.obj
[ 45%] Building CXX object CMakeFiles/PACE2024.dir/CrossingMinimizers/Barycenter.cpp.obj
[ 54%] Building CXX object CMakeFiles/PACE2024.dir/CrossingMinimizers/Median.cpp.obj
[ 63%] Building CXX object CMakeFiles/PACE2024.dir/CrossingMinimizers/OptimizedBC.cpp.obj
[ 72%] Building CXX object CMakeFiles/PACE2024.dir/CrossingMinimizers/OptimizedMedian.cpp.obj
[ 81%] Building CXX object CMakeFiles/PACE2024.dir/CrossingMinimizers/ParentMinimizer.cpp.obj
[ 90%] Building CXX object CMakeFiles/PACE2024.dir/CrossingMinimizers/OptimizedBCRight.cpp.obj
[100%] Linking CXX executable C:\Users\mobtr\Desktop\PACE2024\PACE2024.exe
[100%] Built target PACE2024

mobtr@Mateusz MINGW64 ~/Desktop/PACE2024/build (main)
$ pace2024tester --no-tiny --test ../tests/medium_test_set ../PACE2024.exe
Testing now 1.gr...
The solver and the solution are the same!
Solver: 240 Solution: 240

Testing now 10.gr...
The solver and the solution are NOT the same!
Solver: 20961 Solution: 20653

Testing now 11.gr...
The solver and the solution are NOT the same!
Solver: 34620 Solution: 34126

Testing now 12.gr...
The solver and the solution are NOT the same!
Solver: 6347 Solution: 6236

Testing now 13.gr...
The solver and the solution are NOT the same!
Solver: 62156 Solution: 61515

Testing now 14.gr...
The solver and the solution are NOT the same!
Solver: 191675 Solution: 189865

Testing now 15.gr...
The solver and the solution are NOT the same!
Solver: 4505 Solution: 4434

Testing now 16.gr...
The solver and the solution are NOT the same!
Solver: 8989 Solution: 8817

Testing now 17.gr...
The solver and the solution are NOT the same!
Solver: 17642 Solution: 17373

Testing now 18.gr...
The solver and the solution are NOT the same!
Solver: 7135 Solution: 6858

Testing now 19.gr...
The solver and the solution are NOT the same!
Solver: 7161 Solution: 6958

Testing now 2.gr...

Aborted!


mobtr@Mateusz MINGW64 ~/Desktop/PACE2024/build (main)
$
